21:46:21 **** Incremental Build of configuration Debug for project lab_1 ****
make -j8 all 
arm-none-eabi-gcc "../Core/Src/traffic_light.c" -mcpu=cortex-m3 -std=gnu11 -g3 -DDEBUG -DUSE_HAL_DRIVER -DSTM32F103x6 -c -I../Core/Inc -I../Drivers/STM32F1xx_HAL_Driver/Inc -I../Drivers/STM32F1xx_HAL_Driver/Inc/Legacy -I../Drivers/CMSIS/Device/ST/STM32F1xx/Include -I../Drivers/CMSIS/Include -O0 -ffunction-sections -fdata-sections -Wall -fstack-usage -MMD -MP -MF"Core/Src/traffic_light.d" -MT"Core/Src/traffic_light.o" --specs=nano.specs -mfloat-abi=soft -mthumb -o "Core/Src/traffic_light.o"
arm-none-eabi-gcc -o "lab_1.elf" @"objects.list"   -mcpu=cortex-m3 -T"E:\Microcontroller\lab_1\STM32F103C6TX_FLASH.ld" --specs=nosys.specs -Wl,-Map="lab_1.map" -Wl,--gc-sections -static --specs=nano.specs -mfloat-abi=soft -mthumb -Wl,--start-group -lc -lm -Wl,--end-group
Finished building target: lab_1.elf
 
arm-none-eabi-size   lab_1.elf 
arm-none-eabi-objdump -h -S  lab_1.elf  > "lab_1.list"
arm-none-eabi-objcopy  -O ihex  lab_1.elf  "lab_1.hex"
arm-none-eabi-objcopy  -O binary  lab_1.elf  "lab_1.bin"
   text	   data	    bss	    dec	    hex	filename
   4756	     20	   1572	   6348	   18cc	lab_1.elf
Finished building: default.size.stdout
 
Finished building: lab_1.list
 
Finished building: lab_1.hex
Finished building: lab_1.bin
 
 
