20:38:27 **** Incremental Build of configuration Debug for project lab_1 ****
make -j8 all 
arm-none-eabi-gcc -o "lab_1.elf" @"objects.list"   -mcpu=cortex-m3 -T"E:\Microcontroller\lab_1\STM32F103C6TX_FLASH.ld" --specs=nosys.specs -Wl,-Map="lab_1.map" -Wl,--gc-sections -static --specs=nano.specs -mfloat-abi=soft -mthumb -Wl,--start-group -lc -lm -Wl,--end-group
Finished building target: lab_1.elf
 
arm-none-eabi-size   lab_1.elf 
arm-none-eabi-objdump -h -S  lab_1.elf  > "lab_1.list"
arm-none-eabi-objcopy  -O ihex  lab_1.elf  "lab_1.hex"
   text	   data	    bss	    dec	    hex	filename
   5332	     20	   1572	   6924	   1b0c	lab_1.elf
arm-none-eabi-objcopy  -O binary  lab_1.elf  "lab_1.bin"
Finished building: default.size.stdout
 
Finished building: lab_1.hex
Finished building: lab_1.bin
Finished building: lab_1.list
 
 
 
